node.exe : ΓÜá Warning: 
Next.js inferred your 
workspace root, but it may 
not be correct.
At line:1 char:1
+ & "C:\Program 
Files\nodejs/node.exe" 
"C:\Program 
Files\nodejs/node_mo ...
+ ~~~~~~~~~~~~~~~~~~~~~~~~~~~
~~~~~~~~~~~~~~~~~~~~~~~~~~~~~
~~~~~~~~~~~~~
    + CategoryInfo           
   : NotSpecified: (ΓÜá War  
  ning: Ne...not be correc   
 t.:String) [], RemoteExc    
eption
    + FullyQualifiedErrorId  
   : NativeCommandError
 
 We detected multiple 
lockfiles and selected the 
directory of C:\Users\lenovo\
package-lock.json as the 
root directory.
 To silence this warning, 
set `turbopack.root` in your 
Next.js config, or consider 
removing one of the 
lockfiles if it's not needed.
   See https://nextjs.org/doc
s/app/api-reference/config/ne
xt-config-js/turbopack#root-d
irectory for more 
information.
 Detected additional 
lockfiles: 
   * C:\Users\lenovo\Desktop\
Lets_lern\package-lock.json

Γû▓ Next.js 16.1.6 (Turbopack)
- Environments: .env

ΓÜá The "middleware" file 
convention is deprecated. 
Please use "proxy" instead. 
Learn more: https://nextjs.or
g/docs/messages/middleware-to
-proxy
  Creating an optimized production build ...
Γ£ô Compiled successfully in 6.9s
  Running TypeScript ...
  Collecting page data using 7 workers ...
  Generating static pages using 7 workers (0/18) ...
  Generating static pages using 7 workers (4/18) 
Error occurred prerendering 
page 
"/dashboard/communities". 
Read more: https://nextjs.org
/docs/messages/prerender-erro
r
Error [PrismaClientKnownReque
stError]: 
Invalid `prisma.community.fin
dMany()` invocation:


The table `public.Community` 
does not exist in the 
current database.
    at async h (C:\Users\leno
vo\Desktop\Lets_lern\.next\se
rver\chunks\ssr\[root-of-the-
server]__fb81a895._.js:1:2175
)
    at async k (C:\Users\leno
vo\Desktop\Lets_lern\.next\se
rver\chunks\ssr\[root-of-the-
server]__3691e8f7._.js:1:7552
) {
  code: 'P2021',
  clientVersion: '5.22.0',
  meta: [Object],
  digest: '4166394794'
}
Export encountered an error 
on /(dashboard)/dashboard/com
munities/page: 
/dashboard/communities, 
exiting the build.
Γ¿» Next.js build worker 
exited with code: 1 and 
signal: null
